                                 Started job on |	Apr 02 12:44:12
                             Started mapping on |	Apr 02 12:45:28
                                    Finished on |	Apr 02 16:08:49
       Mapping speed, Million of reads per hour |	99.02

                          Number of input reads |	335611002
                      Average input read length |	107
                                    UNIQUE READS:
                   Uniquely mapped reads number |	254384866
                        Uniquely mapped reads % |	75.80%
                          Average mapped length |	108.05
                       Number of splices: Total |	35235974
            Number of splices: Annotated (sjdb) |	34835706
                       Number of splices: GT/AG |	35060498
                       Number of splices: GC/AG |	159744
                       Number of splices: AT/AC |	14498
               Number of splices: Non-canonical |	1234
                      Mismatch rate per base, % |	0.17%
                         Deletion rate per base |	0.01%
                        Deletion average length |	1.42
                        Insertion rate per base |	0.01%
                       Insertion average length |	1.44
                             MULTI-MAPPING READS:
        Number of reads mapped to multiple loci |	78043236
             % of reads mapped to multiple loci |	23.25%
        Number of reads mapped to too many loci |	824155
             % of reads mapped to too many loci |	0.25%
                                  UNMAPPED READS:
  Number of reads unmapped: too many mismatches |	0
       % of reads unmapped: too many mismatches |	0.00%
            Number of reads unmapped: too short |	1849884
                 % of reads unmapped: too short |	0.55%
                Number of reads unmapped: other |	508861
                     % of reads unmapped: other |	0.15%
                                  CHIMERIC READS:
                       Number of chimeric reads |	0
                            % of chimeric reads |	0.00%
