                                 Started job on |	Mar 28 16:27:40
                             Started mapping on |	Mar 28 16:29:07
                                    Finished on |	Mar 28 19:23:42
       Mapping speed, Million of reads per hour |	95.36

                          Number of input reads |	277459621
                      Average input read length |	112
                                    UNIQUE READS:
                   Uniquely mapped reads number |	206123992
                        Uniquely mapped reads % |	74.29%
                          Average mapped length |	113.48
                       Number of splices: Total |	33052323
            Number of splices: Annotated (sjdb) |	32660045
                       Number of splices: GT/AG |	32885088
                       Number of splices: GC/AG |	153293
                       Number of splices: AT/AC |	12683
               Number of splices: Non-canonical |	1259
                      Mismatch rate per base, % |	0.16%
                         Deletion rate per base |	0.01%
                        Deletion average length |	1.47
                        Insertion rate per base |	0.01%
                       Insertion average length |	1.44
                             MULTI-MAPPING READS:
        Number of reads mapped to multiple loci |	68517852
             % of reads mapped to multiple loci |	24.69%
        Number of reads mapped to too many loci |	600252
             % of reads mapped to too many loci |	0.22%
                                  UNMAPPED READS:
  Number of reads unmapped: too many mismatches |	0
       % of reads unmapped: too many mismatches |	0.00%
            Number of reads unmapped: too short |	1882278
                 % of reads unmapped: too short |	0.68%
                Number of reads unmapped: other |	335247
                     % of reads unmapped: other |	0.12%
                                  CHIMERIC READS:
                       Number of chimeric reads |	0
                            % of chimeric reads |	0.00%
