                                 Started job on |	Apr 02 11:12:19
                             Started mapping on |	Apr 02 11:13:46
                                    Finished on |	Apr 02 13:23:16
       Mapping speed, Million of reads per hour |	104.53

                          Number of input reads |	225611171
                      Average input read length |	107
                                    UNIQUE READS:
                   Uniquely mapped reads number |	170785277
                        Uniquely mapped reads % |	75.70%
                          Average mapped length |	107.91
                       Number of splices: Total |	23574721
            Number of splices: Annotated (sjdb) |	23307014
                       Number of splices: GT/AG |	23458035
                       Number of splices: GC/AG |	106175
                       Number of splices: AT/AC |	9695
               Number of splices: Non-canonical |	816
                      Mismatch rate per base, % |	0.16%
                         Deletion rate per base |	0.01%
                        Deletion average length |	1.43
                        Insertion rate per base |	0.01%
                       Insertion average length |	1.44
                             MULTI-MAPPING READS:
        Number of reads mapped to multiple loci |	52605059
             % of reads mapped to multiple loci |	23.32%
        Number of reads mapped to too many loci |	573105
             % of reads mapped to too many loci |	0.25%
                                  UNMAPPED READS:
  Number of reads unmapped: too many mismatches |	0
       % of reads unmapped: too many mismatches |	0.00%
            Number of reads unmapped: too short |	1299482
                 % of reads unmapped: too short |	0.58%
                Number of reads unmapped: other |	348248
                     % of reads unmapped: other |	0.15%
                                  CHIMERIC READS:
                       Number of chimeric reads |	0
                            % of chimeric reads |	0.00%
