                                 Started job on |	Mar 28 15:58:59
                             Started mapping on |	Mar 28 15:59:58
                                    Finished on |	Mar 28 18:42:00
       Mapping speed, Million of reads per hour |	91.03

                          Number of input reads |	245821975
                      Average input read length |	96
                                    UNIQUE READS:
                   Uniquely mapped reads number |	185049642
                        Uniquely mapped reads % |	75.28%
                          Average mapped length |	98.05
                       Number of splices: Total |	20132558
            Number of splices: Annotated (sjdb) |	19846077
                       Number of splices: GT/AG |	20016742
                       Number of splices: GC/AG |	106299
                       Number of splices: AT/AC |	8748
               Number of splices: Non-canonical |	769
                      Mismatch rate per base, % |	0.16%
                         Deletion rate per base |	0.01%
                        Deletion average length |	1.77
                        Insertion rate per base |	0.01%
                       Insertion average length |	1.40
                             MULTI-MAPPING READS:
        Number of reads mapped to multiple loci |	57560038
             % of reads mapped to multiple loci |	23.42%
        Number of reads mapped to too many loci |	1007998
             % of reads mapped to too many loci |	0.41%
                                  UNMAPPED READS:
  Number of reads unmapped: too many mismatches |	0
       % of reads unmapped: too many mismatches |	0.00%
            Number of reads unmapped: too short |	1671970
                 % of reads unmapped: too short |	0.68%
                Number of reads unmapped: other |	532327
                     % of reads unmapped: other |	0.22%
                                  CHIMERIC READS:
                       Number of chimeric reads |	0
                            % of chimeric reads |	0.00%
